// Jest Snapshot v1, https://goo.gl/fbAQLP

exports[`Paging component renders Paging 1`] = `
<div>
  <button
    disabled={true}
    onClick={[Function]}
  >
    &lt;
  </button>
  <button
    disabled={false}
    onClick={[Function]}
  >
    &gt;
  </button>
</div>
`;
