// Jest Snapshot v1, https://goo.gl/fbAQLP

exports[`App component renders App 1`] = `
<Article
  author="Darren Allan"
  date="2020-05-06T20:46:23Z"
  image="https://cdn.mos.cms.futurecdn.net/j57b7QnfnaXNpLfXN9ssy-1200-80.jpg"
  source="TechRadar"
  title="Microsoft Surface Book 3 and Surface Go 2 launch, and thatâ€™s bad news for Apple"
  url="https://www.techradar.com/news/microsoft-aims-to-take-on-apple-with-most-powerful-ever-surface-book-3-and-improved-surface-go-2"
/>
`;
